#
#  First Encounter stream out layer mapping
#  target library: fsa0m_a
#
contact via 39 0
via via 47 0
via2 via 49 0
via3 via 51 0
via4 via 53 0
via5 via 55 0
metal1 net 46 0
metal1 via 46 0
metal1 spnet 46 0
metal1 pin 46 0
name    metal1/net     46      0
name    metal1/spnet   101     0
name    metal1/pin     101     0
name    metal1/lefpin  46      0
metal2 net 48 0
metal2 via 48 0
metal2 spnet 48 0
metal2 pin 48 0
name    metal2/net     48      0
name    metal2/spnet   102     0
name    metal2/pin     102     0
name    metal2/lefpin  48      0
metal3 net 50 0
metal3 via 50 0
metal3 spnet 50 0
metal3 pin 50 0
name    metal3/net     50      0
name    metal3/spnet   103     0
name    metal3/pin     103     0
name    metal3/lefpin  50      0
metal4 net 52 0
metal4 via 52 0
metal4 spnet 52 0
metal4 pin 52 0
name    metal4/net     52      0
name    metal4/spnet   104     0
name    metal4/pin     104     0
name    metal4/lefpin  52      0
metal5 net 54 0
metal5 via 54 0
metal5 spnet 54 0
metal5 pin 54 0
name    metal5/net     54      0
name   metal5/spnet   105     0
name    metal5/pin     105     0
name    metal5/lefpin  54      0
metal6 net 56 0
metal6 via 56 0
metal6 spnet 56 0
metal6 pin 56 0
name    metal6/net     56      0
name    metal6/spnet   106     0
name    metal6/pin     106     0
name    metal6/lefpin  56      0
DIEAREA all 235 0
